// Jest Snapshot v1, https://goo.gl/fbAQLP

exports[`Given an App component When is invoked Then matches the snapshot 1`] = `
<Text>
  Loading
</Text>
`;
